// Jest Snapshot v1, https://goo.gl/fbAQLP

exports[`Storyshots Example/Portal Default 1`] = `"Content"`;
